D:\Workspace\MIMXRT1024_Project_spi\CMSIS/core_cm7.h:1911:22:__NVIC_EnableIRQ	16	static
../drivers/fsl_common_arm.h:210:20:_SDK_AtomicLocalClearAndSet4Byte	48	static
../drivers/fsl_clock.h:1304:20:CLOCK_ControlGate	32	static
../drivers/fsl_clock.h:1321:20:CLOCK_EnableClock	16	static
../drivers/fsl_clock.h:1331:20:CLOCK_DisableClock	16	static
../drivers/fsl_common_arm.h:499:24:EnableIRQ	24	static
../drivers/fsl_lpspi.h:505:20:LPSPI_Enable	16	static
../drivers/fsl_lpspi.h:531:24:LPSPI_GetStatusFlags	16	static
../drivers/fsl_lpspi.h:551:23:LPSPI_GetRxFifoSize	16	static
../drivers/fsl_lpspi.h:561:24:LPSPI_GetTxFifoCount	16	static
../drivers/fsl_lpspi.h:571:24:LPSPI_GetRxFifoCount	16	static
../drivers/fsl_lpspi.h:589:20:LPSPI_ClearStatusFlags	16	static
../drivers/fsl_lpspi.h:616:20:LPSPI_EnableInterrupts	16	static
../drivers/fsl_lpspi.h:631:20:LPSPI_DisableInterrupts	16	static
../drivers/fsl_lpspi.h:734:20:LPSPI_SetMasterSlaveMode	16	static
../drivers/fsl_lpspi.h:779:20:LPSPI_IsMaster	16	static
../drivers/fsl_lpspi.h:791:20:LPSPI_FlushFifo	16	static
../drivers/fsl_lpspi.h:807:20:LPSPI_SetFifoWatermarks	24	static
../drivers/fsl_lpspi.h:952:20:LPSPI_WriteData	16	static
../drivers/fsl_lpspi.h:966:24:LPSPI_ReadData	16	static
../drivers/fsl_lpspi.c:153:10:LPSPI_GetInstance	24	static
../drivers/fsl_lpspi.c:181:6:LPSPI_SetDummyData	24	static
../drivers/fsl_lpspi.c:194:6:LPSPI_MasterInit	32	static
../drivers/fsl_lpspi.c:257:6:LPSPI_MasterGetDefaultConfig	16	static
../drivers/fsl_lpspi.c:287:6:LPSPI_SlaveInit	24	static
../drivers/fsl_lpspi.c:334:6:LPSPI_SlaveGetDefaultConfig	16	static
../drivers/fsl_lpspi.c:359:6:LPSPI_Reset	16	static
../drivers/fsl_lpspi.c:375:6:LPSPI_Deinit	24	static
../drivers/fsl_lpspi.c:393:13:LPSPI_SetOnePcsPolarity	24	static
../drivers/fsl_lpspi.c:428:10:LPSPI_MasterSetBaudRate	64	static
../drivers/fsl_lpspi.c:540:6:LPSPI_MasterSetDelayScaler	24	static
../drivers/fsl_lpspi.c:613:10:LPSPI_MasterSetDelayTimes	192	static
../drivers/fsl_lpspi.c:736:6:LPSPI_MasterTransferCreateHandle	24	static
../drivers/fsl_lpspi.c:763:6:LPSPI_CheckTransferArgument	40	static
../drivers/fsl_lpspi.c:849:10:LPSPI_MasterTransferBlocking	72	static
../drivers/fsl_lpspi.c:1119:10:LPSPI_MasterTransferNonBlocking	48	static
../drivers/fsl_lpspi.c:1296:13:LPSPI_MasterTransferFillUpTxFifo	40	static
../drivers/fsl_lpspi.c:1364:13:LPSPI_MasterTransferComplete	24	static
../drivers/fsl_lpspi.c:1389:10:LPSPI_MasterTransferGetCount	32	static
../drivers/fsl_lpspi.c:1429:6:LPSPI_MasterTransferAbort	16	static
../drivers/fsl_lpspi.c:1451:6:LPSPI_MasterTransferHandleIRQ	32	static
../drivers/fsl_lpspi.c:1583:6:LPSPI_SlaveTransferCreateHandle	24	static
../drivers/fsl_lpspi.c:1619:10:LPSPI_SlaveTransferNonBlocking	40	static
../drivers/fsl_lpspi.c:1754:13:LPSPI_SlaveTransferFillUpTxFifo	32	static
../drivers/fsl_lpspi.c:1786:13:LPSPI_SlaveTransferComplete	32	static
../drivers/fsl_lpspi.c:1822:10:LPSPI_SlaveTransferGetCount	32	static
../drivers/fsl_lpspi.c:1862:6:LPSPI_SlaveTransferAbort	16	static
../drivers/fsl_lpspi.c:1884:6:LPSPI_SlaveTransferHandleIRQ	32	static
../drivers/fsl_lpspi.c:1996:17:LPSPI_CombineWriteData	24	static
../drivers/fsl_lpspi.c:2080:13:LPSPI_SeparateReadData	24	static
../drivers/fsl_lpspi.c:2160:13:LPSPI_TxFifoReady	16	static
../drivers/fsl_lpspi.c:2179:13:LPSPI_CommonIRQHandler	16	static
../drivers/fsl_lpspi.c:2203:6:LPSPI1_DriverIRQHandler	8	static
../drivers/fsl_lpspi.c:2212:6:LPSPI2_DriverIRQHandler	8	static
../drivers/fsl_lpspi.c:2221:6:LPSPI3_DriverIRQHandler	8	static
../drivers/fsl_lpspi.c:2230:6:LPSPI4_DriverIRQHandler	8	static
